[larissateixeira.adv.br/index.html]
[backblue.gif]
[fade.gif]
[index.html]
[larissateixeira.adv.br/feed/index.html]
[larissateixeira.adv.br/comments/feed/index.html]
[larissateixeira.adv.br/homepage-layout-1/feed/index.html]
[larissateixeira.adv.br/wp-includes/js/jquery/jquery4a5f.js]
[larissateixeira.adv.br/wp-includes/js/jquery/jquery-migrate.min330a.js]
[larissateixeira.adv.br/wp-content/plugins/revslider/public/assets/js/revolution.tools.minf049.js]
[larissateixeira.adv.br/wp-content/plugins/revslider/public/assets/js/rs6.minfe13.js]
[larissateixeira.adv.br/wp-content/themes/hickshynson/js/libs/modernizr.min7661.js]
[larissateixeira.adv.br/wp-content/themes/hickshynson/js/libs/fancybox/jquery.fancybox.min7661.js]
[larissateixeira.adv.br/xmlrpc0db0.php]
[larissateixeira.adv.br/wp-includes/wlwmanifest.xml]
[larissateixeira.adv.br/wp-json/index.html]
[larissateixeira.adv.br/wp-json/oembed/1.0/embed7adc.json]
[larissateixeira.adv.br/wp-json/oembed/1.0/embed3594]
[velikorodnov.com/dev/dev_hicks_hynson/wp-content/themes/hickshynson/images/favicon.png]
[larissateixeira.adv.br/wp-content/uploads/2020/08/logoresul.png]
[larissateixeira.adv.br/category/empresas/index.html]
[larissateixeira.adv.br/wp-content/uploads/2020/07/bg1.png]
[larissateixeira.adv.br/category/blog/index.html]
[larissateixeira.adv.br/videos/index.html]
[larissateixeira.adv.br/category/entes-publicos/index.html]
[larissateixeira.adv.br/category/podcast/index.html]
[larissateixeira.adv.br/wp-content/uploads/2020/07/sobre-1-600x500.png]
[larissateixeira.adv.br/category/entrevistas/index.html]
[larissateixeira.adv.br/sobre/index.html]
[larissateixeira.adv.br/wp-content/plugins/instagram-feed/img/placeholder.png]
[larissateixeira.adv.br/wp-admin/admin-ajax.php]
[larissateixeira.adv.br/wp-content/themes/hickshynson/includes/widgets/popular-widget/js/pop-widgetf269.js]
[larissateixeira.adv.br/wp-content/plugins/js_composer/assets/js/dist/js_composer_front.min10df.js]
[larissateixeira.adv.br/wp-content/themes/hickshynson/config-composer/assets/js/js_composer_front10df.js]
[larissateixeira.adv.br/wp-content/plugins/contact-form-7/includes/js/scripts5fba.js]
[larissateixeira.adv.br/wp-includes/js/jquery/ui/core.mine899.js]
[larissateixeira.adv.br/wp-includes/js/jquery/ui/widget.mine899.js]
[larissateixeira.adv.br/wp-includes/js/jquery/ui/tabs.mine899.js]
[larissateixeira.adv.br/wp-content/themes/hickshynson/js/libs/owl-carousel/owl.carousel.min7661.js]
[larissateixeira.adv.br/wp-content/themes/hickshynson/js/libs/isotope.pkgd.min7661.js]
[larissateixeira.adv.br/wp-content/themes/hickshynson/js/libs/custom-tabs.min7661.js]
[larissateixeira.adv.br/wp-content/themes/hickshynson/js/libs/custom-select.min7661.js]
[larissateixeira.adv.br/wp-content/themes/hickshynson/js/main.min7661.js]
[larissateixeira.adv.br/wp-includes/js/wp-embed.min7661.js]
[larissateixeira.adv.br/wp-content/plugins/js_composer/assets/lib/bower/skrollr/dist/skrollr.min10df.js]
[larissateixeira.adv.br/wp-content/plugins/instagram-feed/js/sb-instagram-2-2.min747d.js]
[larissateixeira.adv.br/index.html]
[larissateixeira.adv.br/xmlrpc.html]
[larissateixeira.adv.br/wp-content/plugins/wysija-newsletters/css/validationEngine.jqueryfc84.css]
[larissateixeira.adv.br/wp-content/plugins/instagram-feed/img/small-logo.png]
[larissateixeira.adv.br/wp-content/plugins/instagram-feed/css/sb-instagram-2-2.min747d.css]
[larissateixeira.adv.br/wp-includes/css/dist/block-library/style.min7661.css]
[larissateixeira.adv.br/wp-content/plugins/contact-form-7/includes/css/styles5fba.css]
[larissateixeira.adv.br/wp-content/plugins/revslider/public/assets/fonts/revicons/revicons90c6.eot]
[larissateixeira.adv.br/wp-content/plugins/revslider/public/assets/fonts/revicons/revicons90c6.woff]
[larissateixeira.adv.br/wp-content/plugins/revslider/public/assets/fonts/revicons/revicons90c6.ttf]
[larissateixeira.adv.br/wp-content/plugins/revslider/public/assets/assets/gridtile.png]
[larissateixeira.adv.br/wp-content/plugins/revslider/public/assets/assets/gridtile_white.png]
[larissateixeira.adv.br/wp-content/plugins/revslider/public/assets/assets/gridtile_3x3.png]
[larissateixeira.adv.br/wp-content/plugins/revslider/public/assets/assets/gridtile_3x3_white.png]
[larissateixeira.adv.br/wp-content/plugins/revslider/public/assets/assets/coloredbg.png]
[larissateixeira.adv.br/wp-content/plugins/revslider/public/assets/assets/loader.gif]
[larissateixeira.adv.br/wp-content/plugins/revslider/public/assets/css/rs6fe13.css]
[larissateixeira.adv.br/wp-content/themes/hickshynson/js/libs/owl-carousel/assets/owl.video.play.png]
[larissateixeira.adv.br/wp-content/themes/hickshynson/js/libs/owl-carousel/assets/owl.carousel.min7661.css]
[larissateixeira.adv.br/wp-content/themes/hickshynson/js/libs/fancybox/jquery.fancybox7661.css]
[larissateixeira.adv.br/wp-content/themes/hickshynson/css/animate.css]
[larissateixeira.adv.br/wp-content/themes/hickshynson/css/bootstrap.min.css]
[larissateixeira.adv.br/wp-content/themes/hickshynson/fonts/Linearicons.ttf]
[larissateixeira.adv.br/wp-content/themes/hickshynson/css/linear-icons.css]
[larissateixeira.adv.br/wp-content/themes/hickshynson/fonts/fontello8dc8.eot]
[larissateixeira.adv.br/wp-content/themes/hickshynson/fonts/fontello8dc8.woff2]
[larissateixeira.adv.br/wp-content/themes/hickshynson/fonts/fontello8dc8.woff]
[larissateixeira.adv.br/wp-content/themes/hickshynson/fonts/fontello8dc8.ttf]
[larissateixeira.adv.br/wp-content/themes/hickshynson/css/fontello.css]
[larissateixeira.adv.br/wp-content/themes/hickshynson/images/icon_zoomin.png]
[larissateixeira.adv.br/wp-content/themes/hickshynson/style.css]
[larissateixeira.adv.br/wp-content/themes/hickshynson/css/responsive.css]
[larissateixeira.adv.br/wp-content/uploads/dynamic_hh_dir/skin_153b5.css]
[larissateixeira.adv.br/wp-content/plugins/js_composer/assets/vc/alert.png]
[larissateixeira.adv.br/wp-content/plugins/js_composer/assets/vc/info.png]
[larissateixeira.adv.br/wp-content/plugins/js_composer/assets/vc/tick.png]
[larissateixeira.adv.br/wp-content/plugins/js_composer/assets/vc/exclamation.png]
[larissateixeira.adv.br/wp-content/plugins/js_composer/assets/images/icons/address-book.png]
[larissateixeira.adv.br/wp-content/plugins/js_composer/assets/images/icons/alarm-clock.png]
[larissateixeira.adv.br/wp-content/plugins/js_composer/assets/images/icons/anchor.png]
[larissateixeira.adv.br/wp-content/plugins/js_composer/assets/images/icons/application-image.png]
[larissateixeira.adv.br/wp-content/plugins/js_composer/assets/images/icons/arrow.png]
[larissateixeira.adv.br/wp-content/plugins/js_composer/assets/images/icons/asterisk.png]
[larissateixeira.adv.br/wp-content/plugins/js_composer/assets/images/icons/auction-hammer.png]
[larissateixeira.adv.br/wp-content/plugins/js_composer/assets/images/icons/balloon.png]
[larissateixeira.adv.br/wp-content/plugins/js_composer/assets/images/icons/balloon-buzz.png]
[larissateixeira.adv.br/wp-content/plugins/js_composer/assets/images/icons/balloon-facebook.png]
[larissateixeira.adv.br/wp-content/plugins/js_composer/assets/images/icons/balloon-twitter.png]
[larissateixeira.adv.br/wp-content/plugins/js_composer/assets/images/icons/battery-full.png]
[larissateixeira.adv.br/wp-content/plugins/js_composer/assets/images/icons/binocular.png]
[larissateixeira.adv.br/wp-content/plugins/js_composer/assets/images/icons/blue-document-excel.png]
[larissateixeira.adv.br/wp-content/plugins/js_composer/assets/images/icons/blue-document-image.png]
[larissateixeira.adv.br/wp-content/plugins/js_composer/assets/images/icons/blue-document-music.png]
[larissateixeira.adv.br/wp-content/plugins/js_composer/assets/images/icons/blue-document-office.png]
[larissateixeira.adv.br/wp-content/plugins/js_composer/assets/images/icons/blue-document-pdf.png]
[larissateixeira.adv.br/wp-content/plugins/js_composer/assets/images/icons/blue-document-powerpoint.png]
[larissateixeira.adv.br/wp-content/plugins/js_composer/assets/images/icons/blue-document-word.png]
[larissateixeira.adv.br/wp-content/plugins/js_composer/assets/images/icons/bookmark.png]
[larissateixeira.adv.br/wp-content/plugins/js_composer/assets/images/icons/camcorder.png]
[larissateixeira.adv.br/wp-content/plugins/js_composer/assets/images/icons/camera.png]
[larissateixeira.adv.br/wp-content/plugins/js_composer/assets/images/icons/chart.png]
[larissateixeira.adv.br/wp-content/plugins/js_composer/assets/images/icons/chart-pie.png]
[larissateixeira.adv.br/wp-content/plugins/js_composer/assets/images/icons/clock.png]
[larissateixeira.adv.br/wp-content/plugins/js_composer/assets/images/icons/control.png]
[larissateixeira.adv.br/wp-content/plugins/js_composer/assets/images/icons/fire.png]
[larissateixeira.adv.br/wp-content/plugins/js_composer/assets/images/icons/heart.png]
[larissateixeira.adv.br/wp-content/plugins/js_composer/assets/images/icons/mail.png]
[larissateixeira.adv.br/wp-content/plugins/js_composer/assets/images/icons/plus-shield.png]
[larissateixeira.adv.br/wp-content/plugins/js_composer/assets/images/icons/video.png]
[larissateixeira.adv.br/wp-content/plugins/js_composer/assets/fonts/vc_icons_v2/fonts/vcpb-plugin-iconsb82a.eot]
[larissateixeira.adv.br/wp-content/plugins/js_composer/assets/fonts/vc_icons_v2/fonts/vcpb-plugin-iconsb82a.ttf]
[larissateixeira.adv.br/wp-content/plugins/js_composer/assets/fonts/vc_icons_v2/fonts/vcpb-plugin-iconsb82a.woff]
[larissateixeira.adv.br/wp-content/plugins/js_composer/assets/images/toggle_open.png]
[larissateixeira.adv.br/wp-content/plugins/js_composer/assets/images/toggle_close.png]
[larissateixeira.adv.br/wp-content/plugins/js_composer/assets/images/flickr.png]
[larissateixeira.adv.br/wp-content/plugins/js_composer/assets/fonts/vc_grid/vc_grid_v157a1.eot]
[larissateixeira.adv.br/wp-content/plugins/js_composer/assets/fonts/vc_grid/vc_grid_v1d41d.eot]
[larissateixeira.adv.br/wp-content/plugins/js_composer/assets/fonts/vc_grid/vc_grid_v157a1.woff]
[larissateixeira.adv.br/wp-content/plugins/js_composer/assets/fonts/vc_grid/vc_grid_v157a1.ttf]
[larissateixeira.adv.br/wp-content/plugins/js_composer/assets/images/spinner.gif]
[larissateixeira.adv.br/wp-content/plugins/js_composer/assets/vc/remove.png]
[larissateixeira.adv.br/wp-content/plugins/js_composer/assets/css/js_composer.min10df.css]
[larissateixeira.adv.br/wp-content/uploads/2020/08/1-foto-1-scaled-e1597424317986-750x500.jpg]
[larissateixeira.adv.br/wp-content/uploads/2020/08/2-foto-2-e1597446371586-750x500.jpg]
[larissateixeira.adv.br/2020/08/06/precisava-escrever/index.html]
[larissateixeira.adv.br/category/blog/feed/index.html]
[larissateixeira.adv.br/wp-content/uploads/2020/08/3-foto-2-e1597446587497-750x500.jpg]
[larissateixeira.adv.br/2020/08/06/clientes-sao-pessoas-e-nao-apenas-sao-consumidores-portanto-pare-de-trata-los-como-cifras/index.html]
[larissateixeira.adv.br/2020/08/06/a-diferenca-entre-o-ordinario-e-o-extraordinario-e-esse-pequeno-extra/index.html]
[larissateixeira.adv.br/2020/08/06/no-fim-do-jogo-peoes-e-reis-voltam-para-a-mesma-caixa/index.html]
[larissateixeira.adv.br/wp-content/uploads/2020/08/4-foto-2-e1597424146878-750x500.jpg]
[larissateixeira.adv.br/wp-content/uploads/2020/08/5-foto-2-e1597447557218-750x500.jpg]
[larissateixeira.adv.br/2020/08/06/tolerancia-eu-nao-consigo-respirar/index.html]
[larissateixeira.adv.br/wp-content/uploads/2020/08/6-foto-2-e1597447896643-750x500.jpg]
[larissateixeira.adv.br/wp-content/uploads/2020/08/7-foto-1-e1597447732984-750x500.jpg]
[larissateixeira.adv.br/category/blog/index.html]
[larissateixeira.adv.br/2020/08/06/mudar/index.html]
[larissateixeira.adv.br/2020/08/06/voce-sabe-contratar/index.html]
[larissateixeira.adv.br/wp-content/uploads/2020/08/1-foto--481x500.jpg]
[larissateixeira.adv.br/category/sem-categoria/index.html]
[larissateixeira.adv.br/2020/08/index.html]
[larissateixeira.adv.br/wp-content/uploads/2020/08/2-foto-e1597450085352-750x500.jpg]
[larissateixeira.adv.br/attorneys-list-v1/index.html]
[larissateixeira.adv.br/wp-content/uploads/2020/08/3-foto-e1597450436687-750x500.jpg]
[larissateixeira.adv.br/attorneys-list-v2/index.html]
[larissateixeira.adv.br/blog/index.html]
[larissateixeira.adv.br/blog-masonry/index.html]
[larissateixeira.adv.br/wp-content/uploads/2020/08/4-foto-e1597450721970-750x500.82.delayed]
[larissateixeira.adv.br/case-result-v1/index.html]
[larissateixeira.adv.br/blog-archive/index.html]
[larissateixeira.adv.br/case-result-v2/index.html]
[larissateixeira.adv.br/wp-content/uploads/2020/08/5-foto-e1597450997866-750x500.jpg]
[larissateixeira.adv.br/contact-us-v2/index.html]
[larissateixeira.adv.br/contact-us-v1/index.html]
[larissateixeira.adv.br/homepage-layout-2/index.html]
[larissateixeira.adv.br/wp-content/uploads/2020/08/6-foto-e1597451175298-750x500.84.delayed]
[larissateixeira.adv.br/homepage-layout-3-2/index.html]
[larissateixeira.adv.br/homepage-layout-3/index.html]
[larissateixeira.adv.br/wp-content/uploads/2020/08/7-foto-e1597452751546-750x500.jpg]
[larissateixeira.adv.br/pagina-exemplo/index.html]
[larissateixeira.adv.br/practice-areas-overview-v1/index.html]
[larissateixeira.adv.br/practice-areas-overview-v2/index.html]
[larissateixeira.adv.br/wp-content/uploads/2020/08/8-foto-e1597452945543-750x500.jpg]
[larissateixeira.adv.br/practice-areas-overview-v3/index.html]
[larissateixeira.adv.br/shortcodes/index.html]
[larissateixeira.adv.br/test/index.html]
[larissateixeira.adv.br/wp-content/uploads/2020/08/9-foto-e1597453100692-750x500.jpg]
[larissateixeira.adv.br/typography/index.html]
[larissateixeira.adv.br/testimonials-page/index.html]
[larissateixeira.adv.br/wp-content/uploads/2020/08/10-foto-e1597453245239-750x500.jpg]
[larissateixeira.adv.br/category/empresas/feed/index.html]
[larissateixeira.adv.br/category/empresas/index.html]
[larissateixeira.adv.br/2020/08/06/o-que-fica-e-o-que-muda-com-a-reforma-tributaria-aprovada/index.html]
[larissateixeira.adv.br/2020/08/06/sucessao-de-empresa-familiar/index.html]
[larissateixeira.adv.br/2020/08/06/quando-um-devedor-pode-ter-falencia-decretada/index.html]
[larissateixeira.adv.br/2020/08/06/sociedade-entre-conjuges-felizes-para-sempre/index.html]
[larissateixeira.adv.br/wp-content/uploads/2020/08/1-foto-e1597453441443-750x500.jpg]
[larissateixeira.adv.br/2020/08/06/sou-empresario-e-vou-casar-o-que-fazer-para-conciliar-paixao-e-protecao-do-meu-negocio/index.html]
[larissateixeira.adv.br/2020/08/06/acordo-entre-socios-um-importante-instrumento-de-prevencao-de-crises-para-sua-empresa/index.html]
[larissateixeira.adv.br/wp-content/uploads/2020/08/2-foto-1-e1597453839277-750x500.jpg]
[larissateixeira.adv.br/2020/08/06/voce-sabe-o-que-e-um-mou-memorandum-of-understanding/index.html]
[larissateixeira.adv.br/2020/08/06/vesting-um-importante-instrumento-para-incentivar-a-atuacao-de-profissionais-no-crescimento-da-propria-organizacao/index.html]
[larissateixeira.adv.br/wp-content/uploads/2020/08/3-foto-1-e1596748807319-750x500.jpg]
[larissateixeira.adv.br/2020/08/06/beneficios-tributarios-programa-mais-leite-saudavel/index.html]
[larissateixeira.adv.br/2020/08/06/licenciamento-ambiental/index.html]
[larissateixeira.adv.br/wp-content/uploads/2020/08/4-foto-1-e1597454099936-750x500.jpg]
[larissateixeira.adv.br/2020/08/06/lei-no-13-485-encontro-de-contas-uma-alternativa-para-reducao-das-dividas-dos-municipios/index.html]
[larissateixeira.adv.br/category/entes-publicos/feed/index.html]
[larissateixeira.adv.br/2020/08/06/aumentar-arrecadacao-sem-aumento-de-tributos-para-a-populacao-um-desafio-para-o-gestor-municipal-da-atualidade/index.html]
[larissateixeira.adv.br/wp-content/uploads/2020/08/5-foto-1-e1597454249714-750x500.jpg]
[larissateixeira.adv.br/2020/08/06/govtech-alternativa-para-uma-gestao-publica-mais-eficiente/index.html]
[larissateixeira.adv.br/2020/08/06/lei-de-responsabilidade-fiscal/index.html]
[larissateixeira.adv.br/wp-content/uploads/2020/08/6-foto-1-e1597454384311-750x500.jpg]
[larissateixeira.adv.br/category/entes-publicos/index.html]
[larissateixeira.adv.br/2020/08/06/voce-sabe-para-onde-vao-os-impostos-que-voce-paga/index.html]
[larissateixeira.adv.br/2020/08/06/mais-de-quatro-mil-municipios-no-brasil-nao-con/index.html]
[larissateixeira.adv.br/indexa32d.html]
[larissateixeira.adv.br/wp-json/oembed/1.0/embed9a90.json]
[larissateixeira.adv.br/wp-json/oembed/1.0/embed4787]
[i.ytimg.com/vi/7DC_TzihUJQ/hqdefault.jpg]
[i.ytimg.com/vi/FoXOWt-7Sj4/sddefault.jpg]
[i.ytimg.com/vi/P20Rs2wIIm0/sddefault.jpg]
[larissateixeira.adv.br/wp-content/plugins/yotuwp-easy-youtube-embed/assets/js/frontend.minc412.js]
[larissateixeira.adv.br/videos/index.html]
[larissateixeira.adv.br/wp-content/uploads/2020/08/BY54NDy4jyfNxs1sHGSLqa35FrEGBZGbNGuQQ1nL-750x500.jpg]
[larissateixeira.adv.br/category/podcast/index.html]
[larissateixeira.adv.br/wp-content/uploads/2020/08/Larissa-Teixeira-_147-750x500.jpg]
[larissateixeira.adv.br/category/podcast/feed/index.html]
[larissateixeira.adv.br/2020/08/06/reequilibrio-financeiro-dos-contratos-empresariais/index.html]
[larissateixeira.adv.br/2020/08/17/direto-ao-direito-marcas-e-patentes/index.html]
[larissateixeira.adv.br/category/entrevistas/feed/index.html]
[larissateixeira.adv.br/wp-content/uploads/2020/08/bg-1sobre-750x500.png]
[larissateixeira.adv.br/category/entrevistas/index.html]
[larissateixeira.adv.br/2020/08/17/direto-ao-direito-violencia-domestica-durante-o-isolamento-social/index.html]
[larissateixeira.adv.br/index0735.html]
[larissateixeira.adv.br/wp-json/oembed/1.0/embed406a.json]
[larissateixeira.adv.br/wp-json/oembed/1.0/embedbf9e]
[larissateixeira.adv.br/wp-content/uploads/2020/07/bg-1sobre6673.png]
[larissateixeira.adv.br/sobre/index.html]
[larissateixeira.adv.br/wp-admin/admin-ajax.html]
[larissateixeira.adv.br/wp-content/plugins/revslider/public/assets/fonts/revicons/revicons90c6.svg]
[larissateixeira.adv.br/wp-content/plugins/revslider/public/assets/css/openhand.html]
[larissateixeira.adv.br/wp-content/plugins/revslider/public/assets/css/closedhand.html]
[larissateixeira.adv.br/wp-content/plugins/contact-form-7/images/ajax-loader.gif]
[larissateixeira.adv.br/wp-content/themes/hickshynson/fonts/fontello8dc8.svg]
[larissateixeira.adv.br/wp-content/plugins/js_composer/assets/fonts/vc_icons_v2/fonts/vcpb-plugin-iconsb82a.svg]
[larissateixeira.adv.br/wp-content/plugins/js_composer/assets/vc/blur.svg]
[larissateixeira.adv.br/wp-content/plugins/js_composer/assets/fonts/vc_grid/vc_grid_v157a1.svg]
[larissateixeira.adv.br/2020/08/06/precisava-escrever/feed/index.html]
[larissateixeira.adv.br/wp-json/oembed/1.0/embed0e3e.json]
[larissateixeira.adv.br/indexe3f9.html]
[larissateixeira.adv.br/wp-json/oembed/1.0/embed6512]
[larissateixeira.adv.br/wp-includes/js/comment-reply.min7661.js]
[larissateixeira.adv.br/2020/08/06/precisava-escrever/index.html]
[larissateixeira.adv.br/2020/08/06/clientes-sao-pessoas-e-nao-apenas-sao-consumidores-portanto-pare-de-trata-los-como-cifras/feed/index.html]
[larissateixeira.adv.br/wp-json/oembed/1.0/embed57a1.json]
[larissateixeira.adv.br/index3c2a.html]
[larissateixeira.adv.br/2020/08/06/clientes-sao-pessoas-e-nao-apenas-sao-consumidores-portanto-pare-de-trata-los-como-cifras/index.html]
[larissateixeira.adv.br/wp-json/oembed/1.0/embed4ff2]
[larissateixeira.adv.br/2020/08/06/a-diferenca-entre-o-ordinario-e-o-extraordinario-e-esse-pequeno-extra/feed/index.html]
[larissateixeira.adv.br/wp-json/oembed/1.0/embedc75f.json]
[larissateixeira.adv.br/index2ef2.html]
[larissateixeira.adv.br/2020/08/06/a-diferenca-entre-o-ordinario-e-o-extraordinario-e-esse-pequeno-extra/index.html]
[larissateixeira.adv.br/wp-json/oembed/1.0/embed6ed7]
[larissateixeira.adv.br/wp-json/oembed/1.0/embed5de4.json]
[larissateixeira.adv.br/2020/08/06/no-fim-do-jogo-peoes-e-reis-voltam-para-a-mesma-caixa/feed/index.html]
[larissateixeira.adv.br/indexbbcb.html]
[larissateixeira.adv.br/2020/08/06/no-fim-do-jogo-peoes-e-reis-voltam-para-a-mesma-caixa/index.html]
[larissateixeira.adv.br/wp-json/oembed/1.0/embedbae2]
[larissateixeira.adv.br/wp-json/oembed/1.0/embed1125.json]
[larissateixeira.adv.br/index8152.html]
[larissateixeira.adv.br/2020/08/06/tolerancia-eu-nao-consigo-respirar/feed/index.html]
[larissateixeira.adv.br/2020/08/06/tolerancia-eu-nao-consigo-respirar/index.html]
[larissateixeira.adv.br/wp-json/oembed/1.0/embed14b0]
[larissateixeira.adv.br/2020/08/06/mudar/feed/index.html]
[larissateixeira.adv.br/index2b8f.html]
[larissateixeira.adv.br/wp-json/oembed/1.0/embed8bb2.json]
[larissateixeira.adv.br/2020/08/06/mudar/index.html]
[larissateixeira.adv.br/wp-json/oembed/1.0/embedca25]
[larissateixeira.adv.br/2020/08/06/voce-sabe-contratar/feed/index.html]
[larissateixeira.adv.br/wp-json/oembed/1.0/embed2b02.json]
[larissateixeira.adv.br/2020/08/06/voce-sabe-contratar/index.html]
[larissateixeira.adv.br/2020/08/index.html]
[larissateixeira.adv.br/wp-json/oembed/1.0/embed85fb]
[larissateixeira.adv.br/index174b.html]
[larissateixeira.adv.br/category/sem-categoria/index.html]
[larissateixeira.adv.br/index963f.html]
[larissateixeira.adv.br/2020/08/page/3/index.html]
[larissateixeira.adv.br/2020/08/page/2/index.html]
[larissateixeira.adv.br/category/sem-categoria/feed/index.html]
[larissateixeira.adv.br/2020/index.html]
[larissateixeira.adv.br/wp-json/oembed/1.0/embedcde4.json]
[larissateixeira.adv.br/index0b69.html]
[larissateixeira.adv.br/wp-json/oembed/1.0/embed3654]
[velikorodnov.com/dev/dev_hicks_hynson/wp-content/themes/hickshynson/images/logo.png]
[larissateixeira.adv.br/wp-content/uploads/2018/01/480x532_photo2-1-480x530.jpg]
[larissateixeira.adv.br/team-members/john-mccoist/index.html]
[larissateixeira.adv.br/wp-content/uploads/2018/01/team7-480x530.jpg]
[larissateixeira.adv.br/team-members/sandra-vancova/index.html]
[larissateixeira.adv.br/wp-content/uploads/2018/01/team5-480x530.jpg]
[larissateixeira.adv.br/team-members/jessica-priston-2/index.html]
[larissateixeira.adv.br/wp-content/uploads/2018/01/team8-480x530.jpg]
[larissateixeira.adv.br/team-members/marta-healy/index.html]
[larissateixeira.adv.br/wp-content/uploads/2018/01/team6-480x530.jpg]
[larissateixeira.adv.br/wp-content/uploads/2018/01/480x532_photo1-1-480x530.jpg]
[larissateixeira.adv.br/team-members/bradley-johnson/index.html]
[larissateixeira.adv.br/wp-content/uploads/2018/01/team2-480x530.jpg]
[larissateixeira.adv.br/team-members/sam-hicks/index.html]
[larissateixeira.adv.br/attorneys-list-v1/index.html]
[larissateixeira.adv.br/team-members/bradley-hynson/index.html]
[larissateixeira.adv.br/team-members/jessica-priston/index.html]
[larissateixeira.adv.br/index0e62.html]
[larissateixeira.adv.br/wp-json/oembed/1.0/embedecd4.json]
[larissateixeira.adv.br/attorneys-list-v2/index.html]
[larissateixeira.adv.br/blog/index.html]
[larissateixeira.adv.br/wp-json/oembed/1.0/embedd28b]
[larissateixeira.adv.br/index0345.html]
[larissateixeira.adv.br/wp-json/oembed/1.0/embed0f25.json]
[larissateixeira.adv.br/blog/page/3/index.html]
[larissateixeira.adv.br/blog/page/2/index.html]
[larissateixeira.adv.br/blog-masonry/index.html]
[larissateixeira.adv.br/wp-json/oembed/1.0/embedcf2d]
[larissateixeira.adv.br/blog-masonry/page/4/index.html]
[larissateixeira.adv.br/blog-masonry/page/2/index.html]
[larissateixeira.adv.br/blog-masonry/page/3/index.html]
[larissateixeira.adv.br/wp-json/oembed/1.0/embed050f.json]
[larissateixeira.adv.br/index9af7.html]
[larissateixeira.adv.br/blog-archive/index.html]
[larissateixeira.adv.br/wp-json/oembed/1.0/embed3614]
[larissateixeira.adv.br/wp-json/oembed/1.0/embed1cbe.json]
[larissateixeira.adv.br/indexdd54.html]
[larissateixeira.adv.br/case-result-v1/index.html]
[larissateixeira.adv.br/wp-json/oembed/1.0/embedfaf0]
[larissateixeira.adv.br/indexa862.html]
[larissateixeira.adv.br/wp-json/oembed/1.0/embedae6a.json]
[larissateixeira.adv.br/case-result-v2/index.html]
[larissateixeira.adv.br/wp-json/oembed/1.0/embed22a8]
[larissateixeira.adv.br/index2cf9.html]
[larissateixeira.adv.br/wp-json/oembed/1.0/embed03c2.json]
[larissateixeira.adv.br/contact-us-v1/index.html]
[larissateixeira.adv.br/wp-json/oembed/1.0/embed093b]
[larissateixeira.adv.br/index88b9.html]
[larissateixeira.adv.br/wp-json/oembed/1.0/embed7523.json]
[larissateixeira.adv.br/contact-us-v2/index.html]
[larissateixeira.adv.br/wp-json/oembed/1.0/embed5b3b]
[larissateixeira.adv.br/wp-json/oembed/1.0/embed1a78.json]
[larissateixeira.adv.br/index2df4.html]
[larissateixeira.adv.br/wp-json/oembed/1.0/embed08db]
[larissateixeira.adv.br/wp-content/uploads/2018/03/1920x925_bg1.jpg]
[larissateixeira.adv.br/wp-content/uploads/2018/03/1773x1148_bg1.jpg]
[larissateixeira.adv.br/wp-content/uploads/2018/03/1920x925_bg3.jpg]
[larissateixeira.adv.br/wp-content/uploads/2018/01/960x560_bg1.jpg]
[larissateixeira.adv.br/practice_categories/personal-injury/index.html]
[larissateixeira.adv.br/wp-content/uploads/2019/01/image_25_1.jpg]
[larissateixeira.adv.br/practice_categories/auto-accidents/index.html]
[larissateixeira.adv.br/wp-content/uploads/2020/08/Larissa-Teixeira-_147-230x165.jpg]
[larissateixeira.adv.br/wp-content/uploads/2020/08/bg-1sobre-230x165.png]
[larissateixeira.adv.br/practice_categories/insurance-claims/index.html]
[larissateixeira.adv.br/practice_categories/family-law/index.html]
[larissateixeira.adv.br/wp-content/uploads/2020/08/1-foto-1-scaled-e1597424317986-230x165.jpg]
[larissateixeira.adv.br/wp-content/uploads/2018/01/brand1.jpg]
[larissateixeira.adv.br/wp-content/uploads/2018/01/brand2.jpg]
[larissateixeira.adv.br/wp-content/uploads/2018/01/brand3.jpg]
[larissateixeira.adv.br/wp-content/uploads/2018/01/brand4.jpg]
[larissateixeira.adv.br/wp-content/uploads/2018/01/brand5.jpg]
[larissateixeira.adv.br/homepage-layout-2/index.html]
[larissateixeira.adv.br/wp-json/oembed/1.0/embed4da8.json]
[larissateixeira.adv.br/indexb5fb.html]
[larissateixeira.adv.br/wp-json/oembed/1.0/embed2712]
[velikorodnov.com/dev/dev_hicks_hynson/wp-content/uploads/2018/01/1920x1000_bg2731a.jpg]
[larissateixeira.adv.br/wp-content/uploads/2018/01/brand5.png]
[larissateixeira.adv.br/wp-content/uploads/2018/01/brand1.png]
[larissateixeira.adv.br/wp-content/uploads/2018/01/brand2.png]
[larissateixeira.adv.br/wp-content/uploads/2018/01/brand3.png]
[larissateixeira.adv.br/wp-content/uploads/2018/01/brand4.png]
[larissateixeira.adv.br/wp-content/uploads/2018/01/Depositphotos_74130817_original-360x280.jpg]
[larissateixeira.adv.br/wp-content/uploads/2018/01/cc05b123-e9ec-43a7-a95d-5db9f6b299c0-360x280.jpg]
[larissateixeira.adv.br/practice/personal-injury/index.html]
[larissateixeira.adv.br/wp-content/uploads/2018/01/5487b860-8374-4803-81fc-b1af9953000d-360x280.jpg]
[larissateixeira.adv.br/practice/industrial-injury/index.html]
[larissateixeira.adv.br/wp-content/uploads/2018/01/d74e4a4d-28e7-454d-8138-77b4192d8fc2-360x280.jpg]
[larissateixeira.adv.br/practice/insurance-claims/index.html]
[larissateixeira.adv.br/wp-content/uploads/2018/01/0aa00607-b4ba-4414-90ad-f99a351d1af1-360x280.jpg]
[larissateixeira.adv.br/practice/truck-accidents/index.html]
[larissateixeira.adv.br/wp-content/uploads/2020/08/Larissa-Teixeira-_147-360x250.jpg]
[larissateixeira.adv.br/practice/business-real-estate/index.html]
[larissateixeira.adv.br/wp-content/uploads/2020/08/bg-1sobre-360x250.png]
[larissateixeira.adv.br/wp-content/uploads/2020/08/1-foto-1-scaled-e1597424317986-360x250.jpg]
[larissateixeira.adv.br/homepage-layout-3-2/index.html]
[larissateixeira.adv.br/wp-json/oembed/1.0/embedb35c.json]
[larissateixeira.adv.br/indexf294.html]
[larissateixeira.adv.br/homepage-layout-3/index.html]
[larissateixeira.adv.br/wp-json/oembed/1.0/embed512e]
[larissateixeira.adv.br/index905b.html]
[larissateixeira.adv.br/wp-json/oembed/1.0/embed03b9.json]
[larissateixeira.adv.br/pagina-exemplo/feed/index.html]
[larissateixeira.adv.br/pagina-exemplo/index.html]
[larissateixeira.adv.br/wp-json/oembed/1.0/embed785a]
[larissateixeira.adv.br/wp-admin/index.html]
[larissateixeira.adv.br/wp-json/oembed/1.0/embed1310.json]
[larissateixeira.adv.br/index678b.html]
[larissateixeira.adv.br/wp-json/oembed/1.0/embedeb5f]
[larissateixeira.adv.br/wp-content/uploads/2018/01/Depositphotos_74130817_original-320x305.jpg]
[larissateixeira.adv.br/wp-content/uploads/2018/01/cc05b123-e9ec-43a7-a95d-5db9f6b299c0-640x305.jpg]
[larissateixeira.adv.br/wp-content/uploads/2018/01/5487b860-8374-4803-81fc-b1af9953000d-320x305.jpg]
[larissateixeira.adv.br/wp-content/uploads/2018/01/d74e4a4d-28e7-454d-8138-77b4192d8fc2-640x305.jpg]
[larissateixeira.adv.br/wp-content/uploads/2018/01/0aa00607-b4ba-4414-90ad-f99a351d1af1-640x305.jpg]
[larissateixeira.adv.br/wp-content/uploads/2018/01/584b6270-7042-4963-aa98-8d4774dea087-320x305.jpg]
[larissateixeira.adv.br/practice/automobile-accidents/index.html]
[larissateixeira.adv.br/wp-content/uploads/2018/01/1d6019d5-b602-4437-bb23-6c3f405a5d28-640x305.jpg]
[larissateixeira.adv.br/practice/maritime-offshore-injury/index.html]
[larissateixeira.adv.br/wp-content/uploads/2018/01/c2960ceb-5abb-4953-9f2d-b6969bfd9f7d-320x305.jpg]
[larissateixeira.adv.br/practice/railroad-accidents/index.html]
[larissateixeira.adv.br/wp-content/uploads/2018/01/cbfd1f42-f32f-4055-b6bd-1fe3d3ef4f55-320x305.jpg]
[larissateixeira.adv.br/practice/estate-planning/index.html]
[larissateixeira.adv.br/wp-content/uploads/2018/01/25d224a1-89fc-48ae-99ed-7b3bae74cb64-320x305.jpg]
[larissateixeira.adv.br/wp-content/uploads/2018/01/38288f67-953a-47a6-b32a-67ef42ab0494-640x305.jpg]
[larissateixeira.adv.br/practice/airplane-accidents/index.html]
[larissateixeira.adv.br/practice/medical-pharmaceutical-injury/index.html]
[larissateixeira.adv.br/wp-content/uploads/2018/01/Depositphotos_3359886_XXL-320x305.jpg]
[larissateixeira.adv.br/practice-areas-overview-v1/index.html]
[larissateixeira.adv.br/practice/elder-law/index.html]
[larissateixeira.adv.br/wp-json/oembed/1.0/embed2910.json]
[larissateixeira.adv.br/practice/criminal-defense/index.html]
[larissateixeira.adv.br/indexe8d3.html]
[larissateixeira.adv.br/practice-areas-overview-v2/index.html]
[larissateixeira.adv.br/wp-json/oembed/1.0/embedb148]
[larissateixeira.adv.br/practice_categories/criminal-defense/index.html]
[larissateixeira.adv.br/practice_categories/business-real-estate/index.html]
[larissateixeira.adv.br/practice_categories/industrial-injury/index.html]
[larissateixeira.adv.br/practice_categories/overtime-violations/index.html]
[larissateixeira.adv.br/index0dc6.html]
[larissateixeira.adv.br/wp-json/oembed/1.0/embed0f5f.json]
[larissateixeira.adv.br/practice_categories/partnership-disputes/index.html]
[larissateixeira.adv.br/wp-json/oembed/1.0/embed62e4]
[larissateixeira.adv.br/wp-content/uploads/2018/01/584b6270-7042-4963-aa98-8d4774dea087-360x280.jpg]
[larissateixeira.adv.br/wp-content/uploads/2018/01/1d6019d5-b602-4437-bb23-6c3f405a5d28-360x280.jpg]
[larissateixeira.adv.br/wp-content/uploads/2018/01/c2960ceb-5abb-4953-9f2d-b6969bfd9f7d-360x280.jpg]
[larissateixeira.adv.br/wp-content/uploads/2018/01/cbfd1f42-f32f-4055-b6bd-1fe3d3ef4f55-360x280.jpg]
[larissateixeira.adv.br/practice-areas-overview-v3/index.html]
[larissateixeira.adv.br/indexc508.html]
[larissateixeira.adv.br/wp-json/oembed/1.0/embedf8ca.json]
[larissateixeira.adv.br/wp-json/oembed/1.0/embedbe8a]
[larissateixeira.adv.br/wp-content/uploads/2018/01/252x252_photo1-250x250.jpg]
[larissateixeira.adv.br/shortcodes/index.html]
[larissateixeira.adv.br/testimonials/estate-real-client/index.html]
[larissateixeira.adv.br/index5ce3.html]
[larissateixeira.adv.br/testimonials/real-client-estate/index.html]
[larissateixeira.adv.br/testimonials/real-estate-client/index.html]
[larissateixeira.adv.br/wp-json/oembed/1.0/embed40dd.json]
[larissateixeira.adv.br/wp-json/oembed/1.0/embed99a6]
[larissateixeira.adv.br/wp-content/uploads/2018/01/25d224a1-89fc-48ae-99ed-7b3bae74cb64-360x280.jpg]
[larissateixeira.adv.br/wp-content/uploads/2018/01/38288f67-953a-47a6-b32a-67ef42ab0494-360x280.jpg]
[larissateixeira.adv.br/wp-content/uploads/2018/01/Depositphotos_3359886_XXL-360x280.jpg]
[larissateixeira.adv.br/test/index.html]
[larissateixeira.adv.br/wp-json/oembed/1.0/embedbe17.json]
[larissateixeira.adv.br/index28bc.html]
[larissateixeira.adv.br/testimonials-page/index.html]
[larissateixeira.adv.br/wp-json/oembed/1.0/embed433b]
[larissateixeira.adv.br/index6c15.html]
[larissateixeira.adv.br/wp-json/oembed/1.0/embed8db6.json]
[larissateixeira.adv.br/typography/index.html]
[larissateixeira.adv.br/wp-json/oembed/1.0/embed7835]
[larissateixeira.adv.br/wp-json/oembed/1.0/embed2f76.json]
[larissateixeira.adv.br/2020/08/06/o-que-fica-e-o-que-muda-com-a-reforma-tributaria-aprovada/feed/index.html]
[larissateixeira.adv.br/indexbbee.html]
[larissateixeira.adv.br/2020/08/06/o-que-fica-e-o-que-muda-com-a-reforma-tributaria-aprovada/index.html]
[larissateixeira.adv.br/wp-json/oembed/1.0/embed46d3]
[larissateixeira.adv.br/wp-json/oembed/1.0/embed44e0.json]
[larissateixeira.adv.br/2020/08/06/quando-um-devedor-pode-ter-falencia-decretada/feed/index.html]
[larissateixeira.adv.br/index4407.html]
[larissateixeira.adv.br/2020/08/06/quando-um-devedor-pode-ter-falencia-decretada/index.html]
[larissateixeira.adv.br/wp-json/oembed/1.0/embed3108]
[larissateixeira.adv.br/wp-json/oembed/1.0/embed7e0f.json]
[larissateixeira.adv.br/2020/08/06/sociedade-entre-conjuges-felizes-para-sempre/feed/index.html]
[larissateixeira.adv.br/index7c4a.html]
[larissateixeira.adv.br/2020/08/06/sociedade-entre-conjuges-felizes-para-sempre/index.html]
[larissateixeira.adv.br/wp-json/oembed/1.0/embed7a52]
[larissateixeira.adv.br/wp-json/oembed/1.0/embed582c.json]
[larissateixeira.adv.br/index6c69.html]
[larissateixeira.adv.br/2020/08/06/sucessao-de-empresa-familiar/feed/index.html]
[larissateixeira.adv.br/2020/08/06/sucessao-de-empresa-familiar/index.html]
[larissateixeira.adv.br/wp-json/oembed/1.0/embedb61e]
[larissateixeira.adv.br/wp-json/oembed/1.0/embedf6a6.json]
[larissateixeira.adv.br/2020/08/06/sou-empresario-e-vou-casar-o-que-fazer-para-conciliar-paixao-e-protecao-do-meu-negocio/feed/index.html]
[larissateixeira.adv.br/indexdc2c.html]
[larissateixeira.adv.br/2020/08/06/sou-empresario-e-vou-casar-o-que-fazer-para-conciliar-paixao-e-protecao-do-meu-negocio/index.html]
[larissateixeira.adv.br/wp-json/oembed/1.0/embed6e55]
[larissateixeira.adv.br/wp-json/oembed/1.0/embedf704.json]
[larissateixeira.adv.br/indexaad3.html]
[larissateixeira.adv.br/2020/08/06/acordo-entre-socios-um-importante-instrumento-de-prevencao-de-crises-para-sua-empresa/feed/index.html]
[larissateixeira.adv.br/2020/08/06/acordo-entre-socios-um-importante-instrumento-de-prevencao-de-crises-para-sua-empresa/index.html]
[larissateixeira.adv.br/wp-json/oembed/1.0/embedddbf]
[larissateixeira.adv.br/wp-json/oembed/1.0/embed8984.json]
[larissateixeira.adv.br/2020/08/06/voce-sabe-o-que-e-um-mou-memorandum-of-understanding/feed/index.html]
[larissateixeira.adv.br/indexb88e.html]
[larissateixeira.adv.br/2020/08/06/voce-sabe-o-que-e-um-mou-memorandum-of-understanding/index.html]
[larissateixeira.adv.br/wp-json/oembed/1.0/embed030e]
[larissateixeira.adv.br/wp-json/oembed/1.0/embed5486.json]
[larissateixeira.adv.br/2020/08/06/vesting-um-importante-instrumento-para-incentivar-a-atuacao-de-profissionais-no-crescimento-da-propria-organizacao/feed/index.html]
[larissateixeira.adv.br/indexc7c9.html]
[larissateixeira.adv.br/2020/08/06/vesting-um-importante-instrumento-para-incentivar-a-atuacao-de-profissionais-no-crescimento-da-propria-organizacao/index.html]
[larissateixeira.adv.br/wp-json/oembed/1.0/embeda645]
[larissateixeira.adv.br/2020/08/06/beneficios-tributarios-programa-mais-leite-saudavel/feed/index.html]
[larissateixeira.adv.br/wp-json/oembed/1.0/embed7af0.json]
[larissateixeira.adv.br/index744c.html]
[larissateixeira.adv.br/2020/08/06/beneficios-tributarios-programa-mais-leite-saudavel/index.html]
[larissateixeira.adv.br/wp-json/oembed/1.0/embed1329]
[larissateixeira.adv.br/indexa731.html]
[larissateixeira.adv.br/wp-json/oembed/1.0/embedfea3.json]
[larissateixeira.adv.br/2020/08/06/licenciamento-ambiental/feed/index.html]
[larissateixeira.adv.br/2020/08/06/licenciamento-ambiental/index.html]
[larissateixeira.adv.br/wp-json/oembed/1.0/embedb049]
[larissateixeira.adv.br/wp-json/oembed/1.0/embed23b4.json]
[larissateixeira.adv.br/2020/08/06/lei-no-13-485-encontro-de-contas-uma-alternativa-para-reducao-das-dividas-dos-municipios/feed/index.html]
[larissateixeira.adv.br/index0ba7.html]
[larissateixeira.adv.br/2020/08/06/lei-no-13-485-encontro-de-contas-uma-alternativa-para-reducao-das-dividas-dos-municipios/index.html]
[larissateixeira.adv.br/wp-json/oembed/1.0/embed6a52]
[larissateixeira.adv.br/wp-json/oembed/1.0/embed2934.json]
[larissateixeira.adv.br/2020/08/06/aumentar-arrecadacao-sem-aumento-de-tributos-para-a-populacao-um-desafio-para-o-gestor-municipal-da-atualidade/feed/index.html]
[larissateixeira.adv.br/indexdc83.html]
[larissateixeira.adv.br/2020/08/06/aumentar-arrecadacao-sem-aumento-de-tributos-para-a-populacao-um-desafio-para-o-gestor-municipal-da-atualidade/index.html]
[larissateixeira.adv.br/wp-json/oembed/1.0/embed7e3a]
[larissateixeira.adv.br/wp-json/oembed/1.0/embedd34f.json]
[larissateixeira.adv.br/2020/08/06/govtech-alternativa-para-uma-gestao-publica-mais-eficiente/feed/index.html]
[larissateixeira.adv.br/index11bd.html]
[larissateixeira.adv.br/wp-json/oembed/1.0/embed04b8]
[larissateixeira.adv.br/2020/08/06/govtech-alternativa-para-uma-gestao-publica-mais-eficiente/index.html]
[larissateixeira.adv.br/wp-json/oembed/1.0/embed4ea1.json]
[larissateixeira.adv.br/index4511.html]
[larissateixeira.adv.br/2020/08/06/lei-de-responsabilidade-fiscal/feed/index.html]
[larissateixeira.adv.br/2020/08/06/lei-de-responsabilidade-fiscal/index.html]
[larissateixeira.adv.br/wp-json/oembed/1.0/embedbb9e]
[larissateixeira.adv.br/indexd106.html]
[larissateixeira.adv.br/2020/08/06/mais-de-quatro-mil-municipios-no-brasil-nao-con/feed/index.html]
[larissateixeira.adv.br/wp-json/oembed/1.0/embedaa1b.json]
[larissateixeira.adv.br/2020/08/06/mais-de-quatro-mil-municipios-no-brasil-nao-con/index.html]
[larissateixeira.adv.br/wp-json/oembed/1.0/embedc792]
[larissateixeira.adv.br/wp-json/oembed/1.0/embed20ed.json]
[larissateixeira.adv.br/2020/08/06/voce-sabe-para-onde-vao-os-impostos-que-voce-paga/feed/index.html]
[larissateixeira.adv.br/index3eeb.html]
[larissateixeira.adv.br/wp-json/oembed/1.0/embeda1cc]
[larissateixeira.adv.br/2020/08/06/voce-sabe-para-onde-vao-os-impostos-que-voce-paga/index.html]
[larissateixeira.adv.br/indexa32d.html]
[larissateixeira.adv.br/wp-content/plugins/yotuwp-easy-youtube-embed/assets/images/square-play.png]
[larissateixeira.adv.br/wp-content/plugins/yotuwp-easy-youtube-embed/assets/css/frontend.minc412.css]
[larissateixeira.adv.br/wp-content/plugins/yotuwp-easy-youtube-embed/assets/fonts/yotu.eot]
[larissateixeira.adv.br/wp-content/plugins/yotuwp-easy-youtube-embed/assets/fonts/yotud41d.eot]
[larissateixeira.adv.br/wp-content/plugins/yotuwp-easy-youtube-embed/assets/fonts/yotu.woff]
[larissateixeira.adv.br/wp-content/plugins/yotuwp-easy-youtube-embed/assets/fonts/yotu.ttf]
[larissateixeira.adv.br/wp-content/plugins/yotuwp-easy-youtube-embed/assets/css/icons.minc412.css]
[larissateixeira.adv.br/wp-json/oembed/1.0/embedd3e2.json]
[larissateixeira.adv.br/2020/08/06/reequilibrio-financeiro-dos-contratos-empresariais/feed/index.html]
[larissateixeira.adv.br/index7caf.html]
[larissateixeira.adv.br/2020/08/06/reequilibrio-financeiro-dos-contratos-empresariais/index.html]
[larissateixeira.adv.br/wp-json/oembed/1.0/embedc1fb]
[larissateixeira.adv.br/2020/08/17/direto-ao-direito-marcas-e-patentes/feed/index.html]
[larissateixeira.adv.br/wp-json/oembed/1.0/embedc4db.json]
[larissateixeira.adv.br/indexba61.html]
[larissateixeira.adv.br/2020/08/17/direto-ao-direito-marcas-e-patentes/index.html]
[larissateixeira.adv.br/wp-json/oembed/1.0/embeda887]
[larissateixeira.adv.br/wp-json/oembed/1.0/embedf037.json]
[larissateixeira.adv.br/2020/08/17/direto-ao-direito-violencia-domestica-durante-o-isolamento-social/feed/index.html]
[larissateixeira.adv.br/index3dd1.html]
[larissateixeira.adv.br/2020/08/17/direto-ao-direito-violencia-domestica-durante-o-isolamento-social/index.html]
[larissateixeira.adv.br/index0735.html]
[larissateixeira.adv.br/indexe3f9.html]
[larissateixeira.adv.br/index3c2a.html]
[larissateixeira.adv.br/index2ef2.html]
[larissateixeira.adv.br/indexbbcb.html]
[larissateixeira.adv.br/index8152.html]
[larissateixeira.adv.br/index2b8f.html]
[larissateixeira.adv.br/index174b.html]
[larissateixeira.adv.br/index963f.html]
[larissateixeira.adv.br/2020/index.html]
[larissateixeira.adv.br/2020/08/page/2/index.html]
[larissateixeira.adv.br/wp-json/oembed/1.0/embedddc4]
[larissateixeira.adv.br/2020/08/page/3/index.html]
[larissateixeira.adv.br/index0b69.html]
[larissateixeira.adv.br/2020/page/3/index.html]
[larissateixeira.adv.br/2020/page/2/index.html]
[larissateixeira.adv.br/index27ac.html]
[larissateixeira.adv.br/wp-json/oembed/1.0/embed6fec.json]
[larissateixeira.adv.br/team-members/john-mccoist/index.html]
[larissateixeira.adv.br/wp-json/oembed/1.0/embedd6b7]
[larissateixeira.adv.br/wp-json/oembed/1.0/embed8daa.json]
[larissateixeira.adv.br/team-members/index.html]
[larissateixeira.adv.br/index007a.html]
[larissateixeira.adv.br/team-members/sandra-vancova/index.html]
[larissateixeira.adv.br/wp-json/oembed/1.0/embedb067]
[larissateixeira.adv.br/wp-json/oembed/1.0/embed3169.json]
[larissateixeira.adv.br/indexb351.html]
[larissateixeira.adv.br/team-members/jessica-priston-2/index.html]
[larissateixeira.adv.br/wp-json/oembed/1.0/embed0a1a]
[larissateixeira.adv.br/index48fd.html]
[larissateixeira.adv.br/wp-json/oembed/1.0/embedad16.json]
[larissateixeira.adv.br/team-members/marta-healy/index.html]
[larissateixeira.adv.br/wp-json/oembed/1.0/embed4141]
[larissateixeira.adv.br/indexd52d.html]
[larissateixeira.adv.br/wp-json/oembed/1.0/embed733a.json]
[larissateixeira.adv.br/team-members/bradley-johnson/index.html]
[larissateixeira.adv.br/wp-json/oembed/1.0/embedc62a]
[larissateixeira.adv.br/index1c00.html]
[larissateixeira.adv.br/wp-json/oembed/1.0/embed0a48.json]
[larissateixeira.adv.br/team-members/sam-hicks/index.html]
[larissateixeira.adv.br/wp-json/oembed/1.0/embed64ac]
[larissateixeira.adv.br/index9751.html]
[larissateixeira.adv.br/wp-json/oembed/1.0/embed6b8e.json]
[larissateixeira.adv.br/team-members/bradley-hynson/index.html]
[larissateixeira.adv.br/wp-json/oembed/1.0/embed9827]
[larissateixeira.adv.br/wp-json/oembed/1.0/embed5c12.json]
[larissateixeira.adv.br/index5070.html]
[larissateixeira.adv.br/team-members/jessica-priston/index.html]
[larissateixeira.adv.br/index0e62.html]
[larissateixeira.adv.br/blog/page/2/index.html]
[larissateixeira.adv.br/blog/page/3/index.html]
[larissateixeira.adv.br/index0345.html]
[larissateixeira.adv.br/blog-masonry/page/2/index.html]
[larissateixeira.adv.br/blog-masonry/page/3/index.html]
[larissateixeira.adv.br/blog-masonry/page/4/index.html]
[larissateixeira.adv.br/index9af7.html]
[larissateixeira.adv.br/indexdd54.html]
[larissateixeira.adv.br/indexa862.html]
[larissateixeira.adv.br/index2cf9.html]
[larissateixeira.adv.br/index88b9.html]
[larissateixeira.adv.br/index2df4.html]
[larissateixeira.adv.br/wp-json/oembed/1.0/embedfff9]
[larissateixeira.adv.br/wp-content/uploads/2018/01/c2960ceb-5abb-4953-9f2d-b6969bfd9f7d-750x500.jpg]
[larissateixeira.adv.br/practice_categories/personal-injury/feed/index.html]
[larissateixeira.adv.br/wp-content/uploads/2018/01/Depositphotos_3359886_XXL-750x500.jpg]
[larissateixeira.adv.br/practice_categories/personal-injury/index.html]
[larissateixeira.adv.br/practice_categories/auto-accidents/index.html]
[larissateixeira.adv.br/tag/attorney/index.html]
[larissateixeira.adv.br/practice_categories/auto-accidents/feed/index.html]
[larissateixeira.adv.br/wp-content/uploads/2018/01/5487b860-8374-4803-81fc-b1af9953000d-750x500.jpg]
[larissateixeira.adv.br/practice_categories/insurance-claims/feed/index.html]
[larissateixeira.adv.br/wp-content/uploads/2018/01/584b6270-7042-4963-aa98-8d4774dea087-750x500.jpg]
[larissateixeira.adv.br/wp-content/uploads/2018/01/1d6019d5-b602-4437-bb23-6c3f405a5d28-750x500.jpg]
[larissateixeira.adv.br/practice_categories/insurance-claims/index.html]
[larissateixeira.adv.br/practice_categories/family-law/index.html]
[larissateixeira.adv.br/indexb5fb.html]
[larissateixeira.adv.br/practice_categories/family-law/feed/index.html]
[larissateixeira.adv.br/wp-json/oembed/1.0/embed65ed.json]
[larissateixeira.adv.br/index153d.html]
[larissateixeira.adv.br/practice/personal-injury/feed/index.html]
[larissateixeira.adv.br/wp-json/oembed/1.0/embed7334]
[larissateixeira.adv.br/wp-content/uploads/2018/01/750x420_img1.jpg]
[larissateixeira.adv.br/practice/personal-injury/index.html]
[larissateixeira.adv.br/practice_categories/estate-planning/index.html]
[larissateixeira.adv.br/wp-json/oembed/1.0/embedcfe2.json]
[larissateixeira.adv.br/practice/industrial-injury/feed/index.html]
[larissateixeira.adv.br/index9430.html]
[larissateixeira.adv.br/practice/industrial-injury/index.html]
[larissateixeira.adv.br/wp-json/oembed/1.0/embed2906]
[larissateixeira.adv.br/practice/insurance-claims/feed/index.html]
[larissateixeira.adv.br/wp-json/oembed/1.0/embedc8b2.json]
[larissateixeira.adv.br/indexc5eb.html]
[larissateixeira.adv.br/practice/insurance-claims/index.html]
[larissateixeira.adv.br/wp-json/oembed/1.0/embed3989]
[larissateixeira.adv.br/index3f5a.html]
[larissateixeira.adv.br/wp-json/oembed/1.0/embeddcde.json]
[larissateixeira.adv.br/practice/truck-accidents/feed/index.html]
[larissateixeira.adv.br/practice/truck-accidents/index.html]
[larissateixeira.adv.br/wp-json/oembed/1.0/embed8d29]
[larissateixeira.adv.br/practice/business-real-estate/feed/index.html]
[larissateixeira.adv.br/indexb6ad.html]
[larissateixeira.adv.br/wp-json/oembed/1.0/embedfbb8.json]
[larissateixeira.adv.br/practice/business-real-estate/index.html]
[larissateixeira.adv.br/indexf294.html]
[larissateixeira.adv.br/index905b.html]
[larissateixeira.adv.br/wp-json/oembed/1.0/embed70ab]
[larissateixeira.adv.br/wp-admin/index.html]
[larissateixeira.adv.br/index678b.html]
[larissateixeira.adv.br/practice/automobile-accidents/index.html]
[larissateixeira.adv.br/wp-json/oembed/1.0/embed0f01]
[larissateixeira.adv.br/index6f72.html]
[larissateixeira.adv.br/index65d2.html]
[larissateixeira.adv.br/practice/maritime-offshore-injury/feed/index.html]
[larissateixeira.adv.br/wp-json/oembed/1.0/embeda20d.json]
[larissateixeira.adv.br/practice/maritime-offshore-injury/index.html]
[larissateixeira.adv.br/wp-json/oembed/1.0/embed29d8]
[larissateixeira.adv.br/wp-json/oembed/1.0/embed8aef.json]
[larissateixeira.adv.br/index8e15.html]
[larissateixeira.adv.br/practice/railroad-accidents/feed/index.html]
[larissateixeira.adv.br/practice/railroad-accidents/index.html]
[larissateixeira.adv.br/wp-json/oembed/1.0/embedf12a]
[larissateixeira.adv.br/wp-json/oembed/1.0/embed9a79.json]
[larissateixeira.adv.br/practice/estate-planning/feed/index.html]
[larissateixeira.adv.br/indexeffd.html]
[larissateixeira.adv.br/practice/estate-planning/index.html]
[larissateixeira.adv.br/wp-json/oembed/1.0/embeda3f8]
[larissateixeira.adv.br/wp-json/oembed/1.0/embed894f.json]
[larissateixeira.adv.br/practice/airplane-accidents/feed/index.html]
[larissateixeira.adv.br/index8ed7.html]
[larissateixeira.adv.br/practice/airplane-accidents/index.html]
[larissateixeira.adv.br/wp-json/oembed/1.0/embedcb69]
[larissateixeira.adv.br/index6213.html]
[larissateixeira.adv.br/practice/medical-pharmaceutical-injury/feed/index.html]
[larissateixeira.adv.br/wp-json/oembed/1.0/embed0b13.json]
[larissateixeira.adv.br/practice/medical-pharmaceutical-injury/index.html]
[larissateixeira.adv.br/wp-json/oembed/1.0/embed80d9]
[larissateixeira.adv.br/wp-json/oembed/1.0/embedcd12.json]
[larissateixeira.adv.br/practice/elder-law/feed/index.html]
[larissateixeira.adv.br/index735a.html]
[larissateixeira.adv.br/practice/elder-law/index.html]
[larissateixeira.adv.br/wp-json/oembed/1.0/embed513a]
[larissateixeira.adv.br/wp-json/oembed/1.0/embed1344.json]
[larissateixeira.adv.br/index287b.html]
[larissateixeira.adv.br/practice/criminal-defense/feed/index.html]
[larissateixeira.adv.br/practice/criminal-defense/index.html]
[larissateixeira.adv.br/indexe8d3.html]
[larissateixeira.adv.br/practice_categories/industrial-injury/index.html]
[larissateixeira.adv.br/wp-json/oembed/1.0/embedb614]
[larissateixeira.adv.br/wp-content/uploads/2018/01/38288f67-953a-47a6-b32a-67ef42ab0494-750x500.jpg]
[larissateixeira.adv.br/practice_categories/criminal-defense/index.html]
[larissateixeira.adv.br/practice_categories/industrial-injury/feed/index.html]
[larissateixeira.adv.br/practice_categories/criminal-defense/feed/index.html]
[larissateixeira.adv.br/practice_categories/business-real-estate/feed/index.html]
[larissateixeira.adv.br/wp-content/uploads/2018/01/Depositphotos_74130817_original-750x500.jpg]
[larissateixeira.adv.br/wp-content/uploads/2018/01/cc05b123-e9ec-43a7-a95d-5db9f6b299c0-750x500.jpg]
[larissateixeira.adv.br/wp-content/uploads/2018/01/d74e4a4d-28e7-454d-8138-77b4192d8fc2-750x500.jpg]
[larissateixeira.adv.br/wp-content/uploads/2018/01/0aa00607-b4ba-4414-90ad-f99a351d1af1-750x500.jpg]
[larissateixeira.adv.br/practice_categories/business-real-estate/index.html]
[larissateixeira.adv.br/practice_categories/overtime-violations/index.html]
[larissateixeira.adv.br/practice_categories/partnership-disputes/index.html]
[larissateixeira.adv.br/practice_categories/overtime-violations/feed/index.html]
[larissateixeira.adv.br/index0dc6.html]
[larissateixeira.adv.br/indexc508.html]
[larissateixeira.adv.br/wp-json/oembed/1.0/embedc7c5.json]
[larissateixeira.adv.br/practice_categories/partnership-disputes/feed/index.html]
[larissateixeira.adv.br/index2c90.html]
[larissateixeira.adv.br/testimonials/estate-real-client/index.html]
[larissateixeira.adv.br/wp-json/oembed/1.0/embedbf8b]
[larissateixeira.adv.br/wp-json/oembed/1.0/embed87ff.json]
[larissateixeira.adv.br/testimonials/index.html]
[larissateixeira.adv.br/index7737.html]
[larissateixeira.adv.br/testimonials/real-client-estate/index.html]
[larissateixeira.adv.br/wp-json/oembed/1.0/embed2bee]
[larissateixeira.adv.br/wp-json/oembed/1.0/embed7d53.json]
[larissateixeira.adv.br/indexd78c.html]
[larissateixeira.adv.br/testimonials/real-estate-client/index.html]
[larissateixeira.adv.br/index5ce3.html]
[larissateixeira.adv.br/index28bc.html]
[larissateixeira.adv.br/index6c15.html]
[larissateixeira.adv.br/indexbbee.html]
[larissateixeira.adv.br/index4407.html]
[larissateixeira.adv.br/index7c4a.html]
[larissateixeira.adv.br/index6c69.html]
[larissateixeira.adv.br/indexdc2c.html]
[larissateixeira.adv.br/indexaad3.html]
[larissateixeira.adv.br/indexb88e.html]
[larissateixeira.adv.br/indexc7c9.html]
[larissateixeira.adv.br/index744c.html]
[larissateixeira.adv.br/indexa731.html]
[larissateixeira.adv.br/index0ba7.html]
[larissateixeira.adv.br/indexdc83.html]
[larissateixeira.adv.br/index11bd.html]
[larissateixeira.adv.br/index4511.html]
[larissateixeira.adv.br/indexd106.html]
[larissateixeira.adv.br/index3eeb.html]
[larissateixeira.adv.br/wp-content/plugins/yotuwp-easy-youtube-embed/assets/fonts/yotu.svg]
[larissateixeira.adv.br/index7caf.html]
[larissateixeira.adv.br/indexba61.html]
[larissateixeira.adv.br/index3dd1.html]
[larissateixeira.adv.br/2020/page/2/index.html]
[larissateixeira.adv.br/2020/page/3/index.html]
[larissateixeira.adv.br/index27ac.html]
[larissateixeira.adv.br/wp-json/oembed/1.0/embed0f2c]
[larissateixeira.adv.br/wp-content/uploads/2018/01/480x532_photo2-1-480x500.jpg]
[larissateixeira.adv.br/wp-content/uploads/2018/01/team7-750x500.jpg]
[larissateixeira.adv.br/team-members/feed/index.html]
[larissateixeira.adv.br/wp-content/uploads/2018/01/team5-750x500.jpg]
[larissateixeira.adv.br/wp-content/uploads/2018/01/team8-750x500.jpg]
[larissateixeira.adv.br/wp-content/uploads/2018/01/team6-750x500.jpg]
[larissateixeira.adv.br/wp-content/uploads/2018/01/480x532_photo1-1-480x500.jpg]
[larissateixeira.adv.br/wp-content/uploads/2018/01/team2-750x500.jpg]
[larissateixeira.adv.br/team-members/index.html]
[larissateixeira.adv.br/index007a.html]
[larissateixeira.adv.br/indexb351.html]
[larissateixeira.adv.br/index48fd.html]
[larissateixeira.adv.br/indexd52d.html]
[larissateixeira.adv.br/index1c00.html]
[larissateixeira.adv.br/index9751.html]
[larissateixeira.adv.br/index5070.html]
[larissateixeira.adv.br/wp-content/uploads/2018/01/25d224a1-89fc-48ae-99ed-7b3bae74cb64-750x500.jpg]
[larissateixeira.adv.br/tag/attorney/index.html]
[larissateixeira.adv.br/tag/attorney/feed/index.html]
[larissateixeira.adv.br/wp-content/uploads/2018/01/cbfd1f42-f32f-4055-b6bd-1fe3d3ef4f55-750x500.jpg]
[larissateixeira.adv.br/index153d.html]
[larissateixeira.adv.br/practice_categories/estate-planning/index.html]
[larissateixeira.adv.br/tag/attorney/page/2/index.html]
[larissateixeira.adv.br/index9430.html]
[larissateixeira.adv.br/indexc5eb.html]
[larissateixeira.adv.br/index3f5a.html]
[larissateixeira.adv.br/indexb6ad.html]
[larissateixeira.adv.br/index6f72.html]
[larissateixeira.adv.br/index65d2.html]
[larissateixeira.adv.br/index8e15.html]
[larissateixeira.adv.br/indexeffd.html]
[larissateixeira.adv.br/index8ed7.html]
[larissateixeira.adv.br/index6213.html]
[larissateixeira.adv.br/index735a.html]
[larissateixeira.adv.br/index287b.html]
[larissateixeira.adv.br/index2c90.html]
[larissateixeira.adv.br/practice_categories/estate-planning/feed/index.html]
[larissateixeira.adv.br/testimonials/index.html]
[larissateixeira.adv.br/index7737.html]
[larissateixeira.adv.br/indexd78c.html]
[larissateixeira.adv.br/tag/attorney/page/2/index.html]
[larissateixeira.adv.br/practice/automobile-accidents/feed/index.html]
[larissateixeira.adv.br/testimonials/feed/index.html]
[larissateixeira.adv.br/wp-json/oembed/1.0/embed288a]
